<a href="&lt;test&#39;:_:&#39;me&quot;&gt;" class="mycssclass">Link</a>
